Line 23: ERROR -> @
Line 23: ERROR -> <
Line 23: ERROR -> -
Line 23: ERROR -> -
Line 24: ERROR -> $
Line 24: ERROR -> $
Line 24: ERROR -> $
Line 24: ERROR -> <
Line 24: ERROR -> -
Line 24: ERROR -> -
Line 25: ERROR -> "
Line 25: ERROR -> <
Line 25: ERROR -> -
Line 25: ERROR -> -
Line 26: ERROR -> <
Line 26: ERROR -> -
Line 26: ERROR -> -
Line 27: ERROR -> +
Line 27: ERROR -> +
Line 27: ERROR -> <
Line 27: ERROR -> -
Line 27: ERROR -> -
